
Discarded input sections

 .group         0x0000000000000000        0x8 build/main.o
 .note.GNU-stack
                0x0000000000000000        0x0 build/main.o
 .group         0x0000000000000000        0x8 build/init.o
 .text.__x86.get_pc_thunk.bx
                0x0000000000000000        0x4 build/init.o
 .note.GNU-stack
                0x0000000000000000        0x0 build/init.o
 .group         0x0000000000000000        0x8 build/interrupt.o
 .group         0x0000000000000000        0x8 build/interrupt.o
 .text.__x86.get_pc_thunk.bx
                0x0000000000000000        0x4 build/interrupt.o
 .note.GNU-stack
                0x0000000000000000        0x0 build/interrupt.o
 .group         0x0000000000000000        0x8 build/timer.o
 .group         0x0000000000000000        0x8 build/timer.o
 .group         0x0000000000000000        0x8 build/timer.o
 .text.__x86.get_pc_thunk.ax
                0x0000000000000000        0x4 build/timer.o
 .text.__x86.get_pc_thunk.bx
                0x0000000000000000        0x4 build/timer.o
 .note.GNU-stack
                0x0000000000000000        0x0 build/timer.o
 .group         0x0000000000000000        0x8 build/debug.o
 .text.__x86.get_pc_thunk.bx
                0x0000000000000000        0x4 build/debug.o
 .note.GNU-stack
                0x0000000000000000        0x0 build/debug.o
 .group         0x0000000000000000        0x8 build/string.o
 .text.__x86.get_pc_thunk.ax
                0x0000000000000000        0x4 build/string.o
 .note.GNU-stack
                0x0000000000000000        0x0 build/string.o
 .group         0x0000000000000000        0x8 build/memory.o
 .group         0x0000000000000000        0x8 build/memory.o
 .text.__x86.get_pc_thunk.ax
                0x0000000000000000        0x4 build/memory.o
 .text.__x86.get_pc_thunk.bx
                0x0000000000000000        0x4 build/memory.o
 .note.GNU-stack
                0x0000000000000000        0x0 build/memory.o
 .group         0x0000000000000000        0x8 build/bitmap.o
 .text.__x86.get_pc_thunk.ax
                0x0000000000000000        0x4 build/bitmap.o
 .note.GNU-stack
                0x0000000000000000        0x0 build/bitmap.o
 .group         0x0000000000000000        0x8 build/thread.o
 .group         0x0000000000000000        0x8 build/thread.o
 .group         0x0000000000000000        0x8 build/thread.o
 .text.__x86.get_pc_thunk.ax
                0x0000000000000000        0x4 build/thread.o
 .text.__x86.get_pc_thunk.bx
                0x0000000000000000        0x4 build/thread.o
 .note.GNU-stack
                0x0000000000000000        0x0 build/thread.o
 .group         0x0000000000000000        0x8 build/list.o
 .group         0x0000000000000000        0x8 build/list.o
 .text.__x86.get_pc_thunk.ax
                0x0000000000000000        0x4 build/list.o
 .text.__x86.get_pc_thunk.bx
                0x0000000000000000        0x4 build/list.o
 .note.GNU-stack
                0x0000000000000000        0x0 build/list.o
 .group         0x0000000000000000        0x8 build/sync.o
 .group         0x0000000000000000        0x8 build/sync.o
 .text.__x86.get_pc_thunk.ax
                0x0000000000000000        0x4 build/sync.o
 .text.__x86.get_pc_thunk.bx
                0x0000000000000000        0x4 build/sync.o
 .note.GNU-stack
                0x0000000000000000        0x0 build/sync.o
 .group         0x0000000000000000        0x8 build/console.o
 .group         0x0000000000000000        0x8 build/console.o
 .text.__x86.get_pc_thunk.ax
                0x0000000000000000        0x4 build/console.o
 .text.__x86.get_pc_thunk.bx
                0x0000000000000000        0x4 build/console.o
 .note.GNU-stack
                0x0000000000000000        0x0 build/console.o
 .group         0x0000000000000000        0x8 build/keyboard.o
 .group         0x0000000000000000        0x8 build/keyboard.o
 .text.__x86.get_pc_thunk.ax
                0x0000000000000000        0x4 build/keyboard.o
 .text.__x86.get_pc_thunk.bx
                0x0000000000000000        0x4 build/keyboard.o
 .note.GNU-stack
                0x0000000000000000        0x0 build/keyboard.o
 .group         0x0000000000000000        0x8 build/ioqueue.o
 .group         0x0000000000000000        0x8 build/ioqueue.o
 .text.__x86.get_pc_thunk.ax
                0x0000000000000000        0x4 build/ioqueue.o
 .text.__x86.get_pc_thunk.bx
                0x0000000000000000        0x4 build/ioqueue.o
 .note.GNU-stack
                0x0000000000000000        0x0 build/ioqueue.o
 .group         0x0000000000000000        0x8 build/tss.o
 .group         0x0000000000000000        0x8 build/tss.o
 .text.__x86.get_pc_thunk.ax
                0x0000000000000000        0x4 build/tss.o
 .text.__x86.get_pc_thunk.bx
                0x0000000000000000        0x4 build/tss.o
 .note.GNU-stack
                0x0000000000000000        0x0 build/tss.o
 .group         0x0000000000000000        0x8 build/process.o
 .group         0x0000000000000000        0x8 build/process.o
 .text.__x86.get_pc_thunk.ax
                0x0000000000000000        0x4 build/process.o
 .text.__x86.get_pc_thunk.bx
                0x0000000000000000        0x4 build/process.o
 .note.GNU-stack
                0x0000000000000000        0x0 build/process.o
 .group         0x0000000000000000        0x8 build/syscall.o
 .text.__x86.get_pc_thunk.ax
                0x0000000000000000        0x4 build/syscall.o
 .note.GNU-stack
                0x0000000000000000        0x0 build/syscall.o
 .group         0x0000000000000000        0x8 build/syscall-init.o
 .group         0x0000000000000000        0x8 build/syscall-init.o
 .text.__x86.get_pc_thunk.ax
                0x0000000000000000        0x4 build/syscall-init.o
 .text.__x86.get_pc_thunk.bx
                0x0000000000000000        0x4 build/syscall-init.o
 .note.GNU-stack
                0x0000000000000000        0x0 build/syscall-init.o
 .group         0x0000000000000000        0x8 build/stdio.o
 .group         0x0000000000000000        0x8 build/stdio.o
 .text.__x86.get_pc_thunk.ax
                0x0000000000000000        0x4 build/stdio.o
 .text.__x86.get_pc_thunk.bx
                0x0000000000000000        0x4 build/stdio.o
 .note.GNU-stack
                0x0000000000000000        0x0 build/stdio.o
 .group         0x0000000000000000        0x8 build/stdio-kernel.o
 .text.__x86.get_pc_thunk.bx
                0x0000000000000000        0x4 build/stdio-kernel.o
 .note.GNU-stack
                0x0000000000000000        0x0 build/stdio-kernel.o
 .group         0x0000000000000000        0x8 build/ide.o
 .group         0x0000000000000000        0x8 build/ide.o
 .text.__x86.get_pc_thunk.ax
                0x0000000000000000        0x4 build/ide.o
 .text.__x86.get_pc_thunk.bx
                0x0000000000000000        0x4 build/ide.o
 .note.GNU-stack
                0x0000000000000000        0x0 build/ide.o

Memory Configuration

Name             Origin             Length             Attributes
*default*        0x0000000000000000 0xffffffffffffffff

Linker script and memory map

Address of section .text set to 0xc0001500
LOAD build/main.o
LOAD build/init.o
LOAD build/interrupt.o
LOAD build/timer.o
LOAD build/kernel.o
LOAD build/print.o
LOAD build/debug.o
LOAD build/string.o
LOAD build/memory.o
LOAD build/bitmap.o
LOAD build/thread.o
LOAD build/list.o
LOAD build/switch.o
LOAD build/sync.o
LOAD build/console.o
LOAD build/keyboard.o
LOAD build/ioqueue.o
LOAD build/tss.o
LOAD build/process.o
LOAD build/syscall.o
LOAD build/syscall-init.o
LOAD build/stdio.o
LOAD build/stdio-kernel.o
LOAD build/ide.o
                [!provide]                        PROVIDE (__executable_start = SEGMENT_START ("text-segment", 0x8048000))
                0x00000000080480d4                . = (SEGMENT_START ("text-segment", 0x8048000) + SIZEOF_HEADERS)

.interp
 *(.interp)

.note.gnu.build-id
 *(.note.gnu.build-id)

.hash
 *(.hash)

.gnu.hash
 *(.gnu.hash)

.dynsym
 *(.dynsym)

.dynstr
 *(.dynstr)

.gnu.version
 *(.gnu.version)

.gnu.version_d
 *(.gnu.version_d)

.gnu.version_r
 *(.gnu.version_r)

.rel.dyn        0x00000000080480d4        0x0
 *(.rel.init)
 *(.rel.text .rel.text.* .rel.gnu.linkonce.t.*)
 *(.rel.fini)
 *(.rel.rodata .rel.rodata.* .rel.gnu.linkonce.r.*)
 *(.rel.data.rel.ro .rel.data.rel.ro.* .rel.gnu.linkonce.d.rel.ro.*)
 *(.rel.data .rel.data.* .rel.gnu.linkonce.d.*)
 *(.rel.tdata .rel.tdata.* .rel.gnu.linkonce.td.*)
 *(.rel.tbss .rel.tbss.* .rel.gnu.linkonce.tb.*)
 *(.rel.ctors)
 *(.rel.dtors)
 *(.rel.got)
 .rel.got       0x00000000080480d4        0x0 build/main.o
 *(.rel.bss .rel.bss.* .rel.gnu.linkonce.b.*)
 *(.rel.ifunc)

.rel.plt        0x00000000080480d4        0x0
 *(.rel.plt)
                [!provide]                        PROVIDE (__rel_iplt_start = .)
 *(.rel.iplt)
 .rel.iplt      0x00000000080480d4        0x0 build/main.o
                [!provide]                        PROVIDE (__rel_iplt_end = .)

.relr.dyn
 *(.relr.dyn)
                0x0000000008049000                . = ALIGN (CONSTANT (MAXPAGESIZE))

.init
 *(SORT_NONE(.init))

.plt            0x0000000008049000        0x0
 *(.plt)
 *(.iplt)
 .iplt          0x0000000008049000        0x0 build/main.o

.plt.got
 *(.plt.got)

.plt.sec
 *(.plt.sec)

.text           0x00000000c0001500     0x57c6
 *(.text.unlikely .text.*_unlikely .text.unlikely.*)
 *(.text.exit .text.exit.*)
 *(.text.startup .text.startup.*)
 *(.text.hot .text.hot.*)
 *(SORT_BY_NAME(.text.sorted.*))
 *(.text .stub .text.* .gnu.linkonce.t.*)
 .text          0x00000000c0001500       0x38 build/main.o
                0x00000000c0001500                main
 .text.__x86.get_pc_thunk.bx
                0x00000000c0001538        0x4 build/main.o
                0x00000000c0001538                __x86.get_pc_thunk.bx
 .text          0x00000000c000153c       0x57 build/init.o
                0x00000000c000153c                init_all
 .text          0x00000000c0001593      0x4d6 build/interrupt.o
                0x00000000c00017e7                register_handler
                0x00000000c000193b                intr_enable
                0x00000000c000196e                intr_disable
                0x00000000c00019a1                intr_set_status
                0x00000000c00019c5                intr_get_status
                0x00000000c00019ec                idt_init
 .text.__x86.get_pc_thunk.ax
                0x00000000c0001a69        0x4 build/interrupt.o
                0x00000000c0001a69                __x86.get_pc_thunk.ax
 .text          0x00000000c0001a6d      0x252 build/timer.o
                0x00000000c0001bf5                mtime_sleep
                0x00000000c0001c57                timer_init
 .text.__x86.get_pc_thunk.cx
                0x00000000c0001cbf        0x4 build/timer.o
                0x00000000c0001cbf                __x86.get_pc_thunk.cx
 *fill*         0x00000000c0001cc3        0xd 
 .text          0x00000000c0001cd0      0x55e build/kernel.o
                0x00000000c0001cd0                intr_exit
                0x00000000c000220a                syscall_handler
 *fill*         0x00000000c000222e        0x2 
 .text          0x00000000c0002230      0x14c build/print.o
                0x00000000c0002230                put_char
                0x00000000c00022df                set_cursor
                0x00000000c00022fd                put_str
                0x00000000c000231b                put_int
 .text          0x00000000c000237c       0xf4 build/debug.o
                0x00000000c000237c                panic_spin
 .text          0x00000000c0002470      0x4b2 build/string.o
                0x00000000c0002470                memset
                0x00000000c00024d9                memcpy
                0x00000000c0002550                memcmp
                0x00000000c00025f1                strcpy
                0x00000000c000265c                strlen
                0x00000000c00026b9                strcmp
                0x00000000c0002748                strchr
                0x00000000c00027b6                strrchr
                0x00000000c000282a                strcat
                0x00000000c00028aa                strchrs
 .text          0x00000000c0002922     0x12c6 build/memory.o
                0x00000000c0002d29                get_kernel_pages
                0x00000000c0002d97                get_user_pages
                0x00000000c0002e05                get_a_page
                0x00000000c0002f88                addr_v2p
                0x00000000c00031f3                block_desc_init
                0x00000000c00032d2                sys_malloc
                0x00000000c000361e                pfree
                0x00000000c0003780                mfree_page
                0x00000000c0003970                sys_free
                0x00000000c0003b82                mem_init
 .text          0x00000000c0003be8      0x286 build/bitmap.o
                0x00000000c0003be8                bitmap_init
                0x00000000c0003c1b                bitmap_scan_test
                0x00000000c0003c64                bitmap_scan
                0x00000000c0003da6                bitmap_set
 .text          0x00000000c0003e6e      0x79a build/thread.o
                0x00000000c0003e6e                running_thread
                0x00000000c0003f2d                thread_create
                0x00000000c0003fb1                init_thread
                0x00000000c0004066                thread_start
                0x00000000c00041fb                schedule
                0x00000000c000433b                thread_yield
                0x00000000c00043d8                thread_block
                0x00000000c0004450                thread_unblock
                0x00000000c0004571                thread_init
 .text.__x86.get_pc_thunk.dx
                0x00000000c0004608        0x4 build/thread.o
                0x00000000c0004608                __x86.get_pc_thunk.dx
 .text          0x00000000c000460c      0x25f build/list.o
                0x00000000c000460c                list_init
                0x00000000c0004644                list_insert_before
                0x00000000c0004698                list_push
                0x00000000c00046c0                list_append
                0x00000000c00046e8                list_remove
                0x00000000c0004731                list_pop
                0x00000000c000475d                elem_find
                0x00000000c00047a2                list_traversal
                0x00000000c0004809                list_len
                0x00000000c0004848                list_empty
 *fill*         0x00000000c000486b        0x5 
 .text          0x00000000c0004870       0x15 build/switch.o
                0x00000000c0004870                switch_to
 .text          0x00000000c0004885      0x38f build/sync.o
                0x00000000c0004885                sema_init
                0x00000000c00048bf                lock_init
                0x00000000c00048f9                sema_down
                0x00000000c0004a15                sema_up
                0x00000000c0004adf                lock_acquire
                0x00000000c0004b65                lock_release
 .text          0x00000000c0004c14      0x119 build/console.o
                0x00000000c0004c14                console_init
                0x00000000c0004c3f                console_acquire
                0x00000000c0004c6a                console_release
                0x00000000c0004c95                console_put_str
                0x00000000c0004cc5                console_put_char
                0x00000000c0004cfd                console_put_int
 .text          0x00000000c0004d2d      0x31c build/keyboard.o
                0x00000000c0004fe7                keyboard_init
 .text          0x00000000c0005049      0x378 build/ioqueue.o
                0x00000000c0005049                ioqueue_init
                0x00000000c00050bd                ioq_full
                0x00000000c000511c                ioq_empty
                0x00000000c0005226                ioq_getchar
                0x00000000c00052f2                ioq_putchar
 .text          0x00000000c00053c1      0x1b2 build/tss.o
                0x00000000c00053c1                update_tss_esp
                0x00000000c0005452                tss_init
 .text          0x00000000c0005573      0x3dc build/process.o
                0x00000000c0005573                start_process
                0x00000000c0005687                page_dir_activate
                0x00000000c00056cc                process_activate
                0x00000000c000572f                create_page_dir
                0x00000000c00057b8                create_user_vaddr_bitmap
                0x00000000c0005811                process_execute
 .text          0x00000000c000594f       0x95 build/syscall.o
                0x00000000c000594f                getpid
                0x00000000c000596e                write
                0x00000000c0005996                malloc
                0x00000000c00059be                free
 .text          0x00000000c00059e4       0xc1 build/syscall-init.o
                0x00000000c00059e4                sys_getpid
                0x00000000c0005a06                sys_write
                0x00000000c0005a39                syscall_init
 .text          0x00000000c0005aa5      0x2cc build/stdio.o
                0x00000000c0005b36                vsprintf
                0x00000000c0005cc4                sprintf
                0x00000000c0005cfe                printf
 .text          0x00000000c0005d71       0x74 build/stdio-kernel.o
                0x00000000c0005d71                printk
 .text          0x00000000c0005de5      0xee1 build/ide.o
                0x00000000c000668d                ide_read
                0x00000000c0006822                ide_write
                0x00000000c00069b7                intr_hd_handler
                0x00000000c0006a8f                ide_init
 *(.gnu.warning)

.fini
 *(SORT_NONE(.fini))
                [!provide]                        PROVIDE (__etext = .)
                [!provide]                        PROVIDE (_etext = .)
                [!provide]                        PROVIDE (etext = .)
                0x00000000c0007000                . = ALIGN (CONSTANT (MAXPAGESIZE))
                0x00000000c0007000                . = SEGMENT_START ("rodata-segment", (ALIGN (CONSTANT (MAXPAGESIZE)) + (. & (CONSTANT (MAXPAGESIZE) - 0x1))))

.rodata         0x00000000c0007000     0x105d
 *(.rodata .rodata.* .gnu.linkonce.r.*)
 .rodata        0x00000000c0007000        0xd build/main.o
 .rodata        0x00000000c000700d        0xa build/init.o
 *fill*         0x00000000c0007017        0x1 
 .rodata        0x00000000c0007018      0x26d build/interrupt.o
 *fill*         0x00000000c0007285        0x3 
 .rodata        0x00000000c0007288       0x88 build/timer.o
 .rodata        0x00000000c0007310       0x3f build/debug.o
 *fill*         0x00000000c000734f        0x1 
 .rodata        0x00000000c0007350       0xc4 build/string.o
 .rodata        0x00000000c0007414      0x3c5 build/memory.o
 *fill*         0x00000000c00077d9        0x3 
 .rodata        0x00000000c00077dc       0x6b build/bitmap.o
 *fill*         0x00000000c0007847        0x1 
 .rodata        0x00000000c0007848      0x2eb build/thread.o
 *fill*         0x00000000c0007b33        0x1 
 .rodata        0x00000000c0007b34      0x129 build/sync.o
 .rodata        0x00000000c0007c5d       0x36 build/keyboard.o
 *fill*         0x00000000c0007c93        0x1 
 .rodata        0x00000000c0007c94       0xa8 build/ioqueue.o
 .rodata        0x00000000c0007d3c       0x27 build/tss.o
 *fill*         0x00000000c0007d63        0x1 
 .rodata        0x00000000c0007d64       0xdc build/process.o
 .rodata        0x00000000c0007e40       0x27 build/syscall-init.o
 *fill*         0x00000000c0007e67        0x1 
 .rodata        0x00000000c0007e68      0x1f5 build/ide.o

.rodata1
 *(.rodata1)

.eh_frame_hdr
 *(.eh_frame_hdr)
 *(.eh_frame_entry .eh_frame_entry.*)

.eh_frame       0x00000000c0008060     0x13cc
 *(.eh_frame)
 .eh_frame      0x00000000c0008060       0x54 build/main.o
 .eh_frame      0x00000000c00080b4       0x24 build/init.o
                                         0x50 (size before relaxing)
 .eh_frame      0x00000000c00080d8      0x1ac build/interrupt.o
                                        0x1d8 (size before relaxing)
 .eh_frame      0x00000000c0008284       0xf0 build/timer.o
                                        0x130 (size before relaxing)
 .eh_frame      0x00000000c0008374       0x1c build/debug.o
                                         0x48 (size before relaxing)
 .eh_frame      0x00000000c0008390      0x168 build/string.o
                                        0x194 (size before relaxing)
 .eh_frame      0x00000000c00084f8      0x2dc build/memory.o
                                        0x31c (size before relaxing)
 .eh_frame      0x00000000c00087d4       0x90 build/bitmap.o
                                         0xbc (size before relaxing)
 .eh_frame      0x00000000c0008864      0x1d8 build/thread.o
                                        0x218 (size before relaxing)
 .eh_frame      0x00000000c0008a3c      0x148 build/list.o
                                        0x188 (size before relaxing)
 .eh_frame      0x00000000c0008b84       0xdc build/sync.o
                                        0x11c (size before relaxing)
 .eh_frame      0x00000000c0008c60       0xd8 build/console.o
                                        0x118 (size before relaxing)
 .eh_frame      0x00000000c0008d38       0x68 build/keyboard.o
                                         0xa8 (size before relaxing)
 .eh_frame      0x00000000c0008da0      0x11c build/ioqueue.o
                                        0x15c (size before relaxing)
 .eh_frame      0x00000000c0008ebc       0x6c build/tss.o
                                         0xac (size before relaxing)
 .eh_frame      0x00000000c0008f28       0xd8 build/process.o
                                        0x118 (size before relaxing)
 .eh_frame      0x00000000c0009000       0x8c build/syscall.o
                                         0xb8 (size before relaxing)
 .eh_frame      0x00000000c000908c       0x6c build/syscall-init.o
                                         0xac (size before relaxing)
 .eh_frame      0x00000000c00090f8       0x90 build/stdio.o
                                         0xd0 (size before relaxing)
 .eh_frame      0x00000000c0009188       0x28 build/stdio-kernel.o
                                         0x54 (size before relaxing)
 .eh_frame      0x00000000c00091b0      0x27c build/ide.o
                                        0x2bc (size before relaxing)
 *(.eh_frame.*)

.gcc_except_table
 *(.gcc_except_table .gcc_except_table.*)

.gnu_extab
 *(.gnu_extab*)

.exception_ranges
 *(.exception_ranges*)
                0x00000000c000b000                . = DATA_SEGMENT_ALIGN (CONSTANT (MAXPAGESIZE), CONSTANT (COMMONPAGESIZE))

.eh_frame
 *(.eh_frame)
 *(.eh_frame.*)

.gnu_extab
 *(.gnu_extab)

.gcc_except_table
 *(.gcc_except_table .gcc_except_table.*)

.exception_ranges
 *(.exception_ranges*)

.tdata          0x00000000c000b000        0x0
                [!provide]                        PROVIDE (__tdata_start = .)
 *(.tdata .tdata.* .gnu.linkonce.td.*)

.tbss
 *(.tbss .tbss.* .gnu.linkonce.tb.*)
 *(.tcommon)

.preinit_array  0x00000000c000b000        0x0
                [!provide]                        PROVIDE (__preinit_array_start = .)
 *(.preinit_array)
                [!provide]                        PROVIDE (__preinit_array_end = .)

.init_array     0x00000000c000b000        0x0
                [!provide]                        PROVIDE (__init_array_start = .)
 *(SORT_BY_INIT_PRIORITY(.init_array.*) SORT_BY_INIT_PRIORITY(.ctors.*))
 *(.init_array EXCLUDE_FILE(*crtend?.o *crtend.o *crtbegin?.o *crtbegin.o) .ctors)
                [!provide]                        PROVIDE (__init_array_end = .)

.fini_array     0x00000000c000b000        0x0
                [!provide]                        PROVIDE (__fini_array_start = .)
 *(SORT_BY_INIT_PRIORITY(.fini_array.*) SORT_BY_INIT_PRIORITY(.dtors.*))
 *(.fini_array EXCLUDE_FILE(*crtend?.o *crtend.o *crtbegin?.o *crtbegin.o) .dtors)
                [!provide]                        PROVIDE (__fini_array_end = .)

.ctors
 *crtbegin.o(.ctors)
 *crtbegin?.o(.ctors)
 *(EXCLUDE_FILE(*crtend?.o *crtend.o) .ctors)
 *(SORT_BY_NAME(.ctors.*))
 *(.ctors)

.dtors
 *crtbegin.o(.dtors)
 *crtbegin?.o(.dtors)
 *(EXCLUDE_FILE(*crtend?.o *crtend.o) .dtors)
 *(SORT_BY_NAME(.dtors.*))
 *(.dtors)

.jcr
 *(.jcr)

.data.rel.ro
 *(.data.rel.ro.local* .gnu.linkonce.d.rel.ro.local.*)
 *(.data.rel.ro .data.rel.ro.* .gnu.linkonce.d.rel.ro.*)

.dynamic
 *(.dynamic)

.got            0x00000000c000b000        0x0
 *(.got)
 .got           0x00000000c000b000        0x0 build/main.o
 *(.igot)
                0x00000000c000bff4                . = DATA_SEGMENT_RELRO_END (., (SIZEOF (.got.plt) >= 0xc)?0xc:0x0)

.got.plt        0x00000000c000b000        0xc
 *(.got.plt)
 .got.plt       0x00000000c000b000        0xc build/main.o
                0x00000000c000b000                _GLOBAL_OFFSET_TABLE_
 *(.igot.plt)
 .igot.plt      0x00000000c000b00c        0x0 build/main.o

.data           0x00000000c000b020      0x156
 *(.data .data.* .gnu.linkonce.d.*)
 .data          0x00000000c000b020        0x0 build/main.o
 .data          0x00000000c000b020        0x0 build/init.o
 .data          0x00000000c000b020        0x0 build/interrupt.o
 .data          0x00000000c000b020        0x0 build/timer.o
 .data          0x00000000c000b020       0xd2 build/kernel.o
                0x00000000c000b032                intr_entry_table
 *fill*         0x00000000c000b0f2        0x2 
 .data          0x00000000c000b0f4        0x8 build/print.o
 .data          0x00000000c000b0fc        0x0 build/debug.o
 .data          0x00000000c000b0fc        0x0 build/string.o
 .data          0x00000000c000b0fc        0x0 build/memory.o
 .data          0x00000000c000b0fc        0x0 build/bitmap.o
 .data          0x00000000c000b0fc        0x0 build/thread.o
 .data          0x00000000c000b0fc        0x0 build/list.o
 .data          0x00000000c000b0fc        0x0 build/sync.o
 .data          0x00000000c000b0fc        0x0 build/console.o
 *fill*         0x00000000c000b0fc        0x4 
 .data          0x00000000c000b100       0x76 build/keyboard.o
 .data          0x00000000c000b176        0x0 build/ioqueue.o
 .data          0x00000000c000b176        0x0 build/tss.o
 .data          0x00000000c000b176        0x0 build/process.o
 .data          0x00000000c000b176        0x0 build/syscall.o
 .data          0x00000000c000b176        0x0 build/syscall-init.o
 .data          0x00000000c000b176        0x0 build/stdio.o
 .data          0x00000000c000b176        0x0 build/stdio-kernel.o
 .data          0x00000000c000b176        0x0 build/ide.o

.data1
 *(.data1)
                0x00000000c000b176                _edata = .
                [!provide]                        PROVIDE (edata = .)
                0x00000000c000b176                . = .
                0x00000000c000b176                __bss_start = .

.bss            0x00000000c000b180     0x1878
 *(.dynbss)
 *(.bss .bss.* .gnu.linkonce.b.*)
 .bss           0x00000000c000b180        0x0 build/main.o
 .bss           0x00000000c000b180        0x0 build/init.o
 .bss           0x00000000c000b180      0x848 build/interrupt.o
                0x00000000c000b180                intr_name
                0x00000000c000b3a0                idt_table
 .bss           0x00000000c000b9c8        0x4 build/timer.o
                0x00000000c000b9c8                ticks
 .bss           0x00000000c000b9cc        0x0 build/debug.o
 .bss           0x00000000c000b9cc        0x0 build/string.o
 *fill*         0x00000000c000b9cc       0x14 
 .bss           0x00000000c000b9e0      0x138 build/memory.o
                0x00000000c000b9e0                k_block_descs
                0x00000000c000baa0                kernel_pool
                0x00000000c000bae0                user_pool
                0x00000000c000bb0c                kernel_vaddr
 .bss           0x00000000c000bb18        0x0 build/bitmap.o
 .bss           0x00000000c000bb18       0x4a build/thread.o
                0x00000000c000bb18                main_thread
                0x00000000c000bb1c                thread_ready_list
                0x00000000c000bb2c                thread_all_list
                0x00000000c000bb3c                pid_lock
                0x00000000c000bb58                idle_thread
 .bss           0x00000000c000bb62        0x0 build/list.o
 .bss           0x00000000c000bb62        0x0 build/sync.o
 *fill*         0x00000000c000bb62        0x2 
 .bss           0x00000000c000bb64       0x1c build/console.o
 .bss           0x00000000c000bb80       0x80 build/keyboard.o
                0x00000000c000bb80                kbd_buf
 .bss           0x00000000c000bc00        0x0 build/ioqueue.o
 .bss           0x00000000c000bc00       0x6c build/tss.o
 .bss           0x00000000c000bc6c        0x0 build/process.o
 .bss           0x00000000c000bc6c        0x0 build/syscall.o
 *fill*         0x00000000c000bc6c       0x14 
 .bss           0x00000000c000bc80       0x80 build/syscall-init.o
                0x00000000c000bc80                syscall_table
 .bss           0x00000000c000bd00        0x0 build/stdio.o
 .bss           0x00000000c000bd00        0x0 build/stdio-kernel.o
 .bss           0x00000000c000bd00      0xcf8 build/ide.o
                0x00000000c000bd00                channel_cnt
                0x00000000c000bd20                channels
                0x00000000c000c9e0                ext_lba_base
                0x00000000c000c9e4                p_no
                0x00000000c000c9e5                l_no
                0x00000000c000c9e8                partition_list
 *(COMMON)
                0x00000000c000c9f8                . = ALIGN ((. != 0x0)?0x4:0x1)
                0x00000000c000c9f8                . = ALIGN (0x4)
                0x00000000c000c9f8                . = SEGMENT_START ("ldata-segment", .)
                0x00000000c000c9f8                . = ALIGN (0x4)
                0x00000000c000c9f8                _end = .
                [!provide]                        PROVIDE (end = .)
                0x00000000c000c9f8                . = DATA_SEGMENT_END (.)

.stab
 *(.stab)

.stabstr
 *(.stabstr)

.stab.excl
 *(.stab.excl)

.stab.exclstr
 *(.stab.exclstr)

.stab.index
 *(.stab.index)

.stab.indexstr
 *(.stab.indexstr)

.comment        0x0000000000000000       0x2b
 *(.comment)
 .comment       0x0000000000000000       0x2b build/main.o
                                         0x2c (size before relaxing)
 .comment       0x000000000000002b       0x2c build/init.o
 .comment       0x000000000000002b       0x2c build/interrupt.o
 .comment       0x000000000000002b       0x2c build/timer.o
 .comment       0x000000000000002b       0x2c build/debug.o
 .comment       0x000000000000002b       0x2c build/string.o
 .comment       0x000000000000002b       0x2c build/memory.o
 .comment       0x000000000000002b       0x2c build/bitmap.o
 .comment       0x000000000000002b       0x2c build/thread.o
 .comment       0x000000000000002b       0x2c build/list.o
 .comment       0x000000000000002b       0x2c build/sync.o
 .comment       0x000000000000002b       0x2c build/console.o
 .comment       0x000000000000002b       0x2c build/keyboard.o
 .comment       0x000000000000002b       0x2c build/ioqueue.o
 .comment       0x000000000000002b       0x2c build/tss.o
 .comment       0x000000000000002b       0x2c build/process.o
 .comment       0x000000000000002b       0x2c build/syscall.o
 .comment       0x000000000000002b       0x2c build/syscall-init.o
 .comment       0x000000000000002b       0x2c build/stdio.o
 .comment       0x000000000000002b       0x2c build/stdio-kernel.o
 .comment       0x000000000000002b       0x2c build/ide.o

.gnu.build.attributes
 *(.gnu.build.attributes .gnu.build.attributes.*)

.debug
 *(.debug)

.line
 *(.line)

.debug_srcinfo
 *(.debug_srcinfo)

.debug_sfnames
 *(.debug_sfnames)

.debug_aranges  0x0000000000000000      0x300
 *(.debug_aranges)
 .debug_aranges
                0x0000000000000000       0x20 build/main.o
 .debug_aranges
                0x0000000000000020       0x20 build/init.o
 .debug_aranges
                0x0000000000000040       0x20 build/interrupt.o
 .debug_aranges
                0x0000000000000060       0x20 build/timer.o
 .debug_aranges
                0x0000000000000080       0x20 build/kernel.o
 .debug_aranges
                0x00000000000000a0       0x20 build/print.o
 .debug_aranges
                0x00000000000000c0       0x20 build/debug.o
 .debug_aranges
                0x00000000000000e0       0x20 build/string.o
 .debug_aranges
                0x0000000000000100       0x20 build/memory.o
 .debug_aranges
                0x0000000000000120       0x20 build/bitmap.o
 .debug_aranges
                0x0000000000000140       0x20 build/thread.o
 .debug_aranges
                0x0000000000000160       0x20 build/list.o
 .debug_aranges
                0x0000000000000180       0x20 build/switch.o
 .debug_aranges
                0x00000000000001a0       0x20 build/sync.o
 .debug_aranges
                0x00000000000001c0       0x20 build/console.o
 .debug_aranges
                0x00000000000001e0       0x20 build/keyboard.o
 .debug_aranges
                0x0000000000000200       0x20 build/ioqueue.o
 .debug_aranges
                0x0000000000000220       0x20 build/tss.o
 .debug_aranges
                0x0000000000000240       0x20 build/process.o
 .debug_aranges
                0x0000000000000260       0x20 build/syscall.o
 .debug_aranges
                0x0000000000000280       0x20 build/syscall-init.o
 .debug_aranges
                0x00000000000002a0       0x20 build/stdio.o
 .debug_aranges
                0x00000000000002c0       0x20 build/stdio-kernel.o
 .debug_aranges
                0x00000000000002e0       0x20 build/ide.o

.debug_pubnames
                0x0000000000000000        0x0
 *(.debug_pubnames)
 .debug_pubnames
                0x0000000000000000        0x0 build/kernel.o
 .debug_pubnames
                0x0000000000000000        0x0 build/print.o
 .debug_pubnames
                0x0000000000000000        0x0 build/switch.o

.debug_info     0x0000000000000000     0x6649
 *(.debug_info .gnu.linkonce.wi.*)
 .debug_info    0x0000000000000000       0xcd build/main.o
 .debug_info    0x00000000000000cd       0xdb build/init.o
 .debug_info    0x00000000000001a8      0x3a0 build/interrupt.o
 .debug_info    0x0000000000000548      0x495 build/timer.o
 .debug_info    0x00000000000009dd       0x41 build/kernel.o
 .debug_info    0x0000000000000a1e       0x44 build/print.o
 .debug_info    0x0000000000000a62      0x11d build/debug.o
 .debug_info    0x0000000000000b7f      0x443 build/string.o
 .debug_info    0x0000000000000fc2      0xe46 build/memory.o
 .debug_info    0x0000000000001e08      0x2a6 build/bitmap.o
 .debug_info    0x00000000000020ae      0x913 build/thread.o
 .debug_info    0x00000000000029c1      0x353 build/list.o
 .debug_info    0x0000000000002d14       0x41 build/switch.o
 .debug_info    0x0000000000002d55      0x58a build/sync.o
 .debug_info    0x00000000000032df      0x3fe build/console.o
 .debug_info    0x00000000000036dd      0x572 build/keyboard.o
 .debug_info    0x0000000000003c4f      0x618 build/ioqueue.o
 .debug_info    0x0000000000004267      0x575 build/tss.o
 .debug_info    0x00000000000047dc      0x70b build/process.o
 .debug_info    0x0000000000004ee7      0x192 build/syscall.o
 .debug_info    0x0000000000005079      0x3a8 build/syscall-init.o
 .debug_info    0x0000000000005421      0x27a build/stdio.o
 .debug_info    0x000000000000569b      0x112 build/stdio-kernel.o
 .debug_info    0x00000000000057ad      0xe9c build/ide.o

.debug_abbrev   0x0000000000000000     0x1fe9
 *(.debug_abbrev)
 .debug_abbrev  0x0000000000000000       0xb5 build/main.o
 .debug_abbrev  0x00000000000000b5       0x95 build/init.o
 .debug_abbrev  0x000000000000014a      0x21c build/interrupt.o
 .debug_abbrev  0x0000000000000366      0x1b6 build/timer.o
 .debug_abbrev  0x000000000000051c       0x1b build/kernel.o
 .debug_abbrev  0x0000000000000537       0x1b build/print.o
 .debug_abbrev  0x0000000000000552       0xce build/debug.o
 .debug_abbrev  0x0000000000000620      0x12c build/string.o
 .debug_abbrev  0x000000000000074c      0x2eb build/memory.o
 .debug_abbrev  0x0000000000000a37      0x155 build/bitmap.o
 .debug_abbrev  0x0000000000000b8c      0x25e build/thread.o
 .debug_abbrev  0x0000000000000dea      0x171 build/list.o
 .debug_abbrev  0x0000000000000f5b       0x1b build/switch.o
 .debug_abbrev  0x0000000000000f76      0x184 build/sync.o
 .debug_abbrev  0x00000000000010fa      0x130 build/console.o
 .debug_abbrev  0x000000000000122a      0x181 build/keyboard.o
 .debug_abbrev  0x00000000000013ab      0x1c8 build/ioqueue.o
 .debug_abbrev  0x0000000000001573      0x16c build/tss.o
 .debug_abbrev  0x00000000000016df      0x1c2 build/process.o
 .debug_abbrev  0x00000000000018a1       0xf9 build/syscall.o
 .debug_abbrev  0x000000000000199a      0x176 build/syscall-init.o
 .debug_abbrev  0x0000000000001b10       0xff build/stdio.o
 .debug_abbrev  0x0000000000001c0f       0xe0 build/stdio-kernel.o
 .debug_abbrev  0x0000000000001cef      0x2fa build/ide.o

.debug_line     0x0000000000000000     0x28e0
 *(.debug_line .debug_line.* .debug_line_end)
 .debug_line    0x0000000000000000       0x6c build/main.o
 .debug_line    0x000000000000006c       0x9e build/init.o
 .debug_line    0x000000000000010a      0x1d3 build/interrupt.o
 .debug_line    0x00000000000002dd      0x12f build/timer.o
 .debug_line    0x000000000000040c      0x359 build/kernel.o
 .debug_line    0x0000000000000765       0xc7 build/print.o
 .debug_line    0x000000000000082c       0x97 build/debug.o
 .debug_line    0x00000000000008c3      0x2cc build/string.o
 .debug_line    0x0000000000000b8f      0x720 build/memory.o
 .debug_line    0x00000000000012af      0x172 build/bitmap.o
 .debug_line    0x0000000000001421      0x28a build/thread.o
 .debug_line    0x00000000000016ab      0x143 build/list.o
 .debug_line    0x00000000000017ee       0x49 build/switch.o
 .debug_line    0x0000000000001837      0x17e build/sync.o
 .debug_line    0x00000000000019b5       0xbe build/console.o
 .debug_line    0x0000000000001a73      0x1e8 build/keyboard.o
 .debug_line    0x0000000000001c5b      0x191 build/ioqueue.o
 .debug_line    0x0000000000001dec       0xf4 build/tss.o
 .debug_line    0x0000000000001ee0      0x1b0 build/process.o
 .debug_line    0x0000000000002090       0x7f build/syscall.o
 .debug_line    0x000000000000210f       0xc2 build/syscall-init.o
 .debug_line    0x00000000000021d1      0x15a build/stdio.o
 .debug_line    0x000000000000232b       0x72 build/stdio-kernel.o
 .debug_line    0x000000000000239d      0x543 build/ide.o

.debug_frame    0x0000000000000000        0x0
 *(.debug_frame)
 .debug_frame   0x0000000000000000        0x0 build/kernel.o
 .debug_frame   0x0000000000000000        0x0 build/print.o
 .debug_frame   0x0000000000000000        0x0 build/switch.o

.debug_str      0x0000000000000000     0x11a6
 *(.debug_str)
 .debug_str     0x0000000000000000      0x111 build/main.o
                                        0x137 (size before relaxing)
 .debug_str     0x0000000000000111       0x63 build/init.o
                                        0x16c (size before relaxing)
 .debug_str     0x0000000000000174      0x17d build/interrupt.o
                                        0x2d9 (size before relaxing)
 .debug_str     0x00000000000002f1      0x220 build/timer.o
                                        0x3aa (size before relaxing)
 .debug_str     0x0000000000000511       0x18 build/debug.o
                                        0x163 (size before relaxing)
 .debug_str     0x0000000000000529       0x63 build/string.o
                                        0x192 (size before relaxing)
 .debug_str     0x000000000000058c      0x335 build/memory.o
                                        0x6bb (size before relaxing)
 .debug_str     0x00000000000008c1       0x4a build/bitmap.o
                                        0x1d5 (size before relaxing)
 .debug_str     0x000000000000090b      0x128 build/thread.o
                                        0x543 (size before relaxing)
 .debug_str     0x0000000000000a33       0x40 build/list.o
                                        0x20f (size before relaxing)
 .debug_str     0x0000000000000a73       0x37 build/sync.o
                                        0x3d5 (size before relaxing)
 .debug_str     0x0000000000000aaa       0x68 build/console.o
                                        0x374 (size before relaxing)
 .debug_str     0x0000000000000b12       0xfb build/keyboard.o
                                        0x415 (size before relaxing)
 .debug_str     0x0000000000000c0d       0x36 build/ioqueue.o
                                        0x3d1 (size before relaxing)
 .debug_str     0x0000000000000c43       0xd2 build/tss.o
                                        0x3b6 (size before relaxing)
 .debug_str     0x0000000000000d15       0xea build/process.o
                                        0x4f2 (size before relaxing)
 .debug_str     0x0000000000000dff       0x3b build/syscall.o
                                        0x15a (size before relaxing)
 .debug_str     0x0000000000000e3a       0x2b build/syscall-init.o
                                        0x33b (size before relaxing)
 .debug_str     0x0000000000000e65       0x5c build/stdio.o
                                        0x1a2 (size before relaxing)
 .debug_str     0x0000000000000ec1        0x7 build/stdio-kernel.o
                                        0x135 (size before relaxing)
 .debug_str     0x0000000000000ec8      0x2de build/ide.o
                                        0x6bc (size before relaxing)

.debug_loc      0x0000000000000000        0x0
 *(.debug_loc)
 .debug_loc     0x0000000000000000        0x0 build/kernel.o
 .debug_loc     0x0000000000000000        0x0 build/print.o
 .debug_loc     0x0000000000000000        0x0 build/switch.o

.debug_macinfo
 *(.debug_macinfo)

.debug_weaknames
 *(.debug_weaknames)

.debug_funcnames
 *(.debug_funcnames)

.debug_typenames
 *(.debug_typenames)

.debug_varnames
 *(.debug_varnames)

.debug_pubtypes
 *(.debug_pubtypes)

.debug_ranges
 *(.debug_ranges)

.debug_addr
 *(.debug_addr)

.debug_line_str
                0x0000000000000000      0x273
 *(.debug_line_str)
 .debug_line_str
                0x0000000000000000       0x42 build/main.o
                                         0x73 (size before relaxing)
 .debug_line_str
                0x0000000000000042       0x6f build/init.o
                                         0xcd (size before relaxing)
 .debug_line_str
                0x00000000000000b1       0x20 build/interrupt.o
                                         0x8d (size before relaxing)
 .debug_line_str
                0x00000000000000d1       0x27 build/timer.o
                                         0xb9 (size before relaxing)
 .debug_line_str
                0x00000000000000f8        0xf build/debug.o
                                         0x7c (size before relaxing)
 .debug_line_str
                0x0000000000000107        0xd build/string.o
                                         0x65 (size before relaxing)
 .debug_line_str
                0x0000000000000114       0x20 build/memory.o
                                         0xc0 (size before relaxing)
 .debug_line_str
                0x0000000000000134       0x14 build/bitmap.o
                                         0x89 (size before relaxing)
 .debug_line_str
                0x0000000000000148       0x1a build/thread.o
                                         0xd3 (size before relaxing)
 .debug_line_str
                0x0000000000000162       0x12 build/list.o
                                         0x7c (size before relaxing)
 .debug_line_str
                0x0000000000000174        0xe build/sync.o
                                         0xa9 (size before relaxing)
 .debug_line_str
                0x0000000000000182       0x11 build/console.o
                                         0xad (size before relaxing)
 .debug_line_str
                0x0000000000000193       0x1c build/keyboard.o
                                         0xd6 (size before relaxing)
 .debug_line_str
                0x00000000000001af       0x11 build/ioqueue.o
                                         0xc3 (size before relaxing)
 .debug_line_str
                0x00000000000001c0       0x18 build/tss.o
                                         0xb0 (size before relaxing)
 .debug_line_str
                0x00000000000001d8       0x13 build/process.o
                                         0xd6 (size before relaxing)
 .debug_line_str
                0x00000000000001eb       0x26 build/syscall.o
                                         0x71 (size before relaxing)
 .debug_line_str
                0x0000000000000211       0x18 build/syscall-init.o
                                         0xe6 (size before relaxing)
 .debug_line_str
                0x0000000000000229       0x14 build/stdio.o
                                         0x77 (size before relaxing)
 .debug_line_str
                0x000000000000023d       0x1a build/stdio-kernel.o
                                         0x93 (size before relaxing)
 .debug_line_str
                0x0000000000000257       0x1c build/ide.o
                                         0xe0 (size before relaxing)

.debug_loclists
 *(.debug_loclists)

.debug_macro
 *(.debug_macro)

.debug_names
 *(.debug_names)

.debug_rnglists
                0x0000000000000000       0x22
 *(.debug_rnglists)
 .debug_rnglists
                0x0000000000000000       0x22 build/keyboard.o

.debug_str_offsets
 *(.debug_str_offsets)

.debug_sup
 *(.debug_sup)

.gnu.attributes
 *(.gnu.attributes)

/DISCARD/
 *(.note.GNU-stack)
 *(.gnu_debuglink)
 *(.gnu.lto_*)
OUTPUT(build/kernel.bin elf32-i386)
